// Jest Snapshot v1, https://goo.gl/fbAQLP

exports[`should render children 1`] = `
<div
  location={Object {}}
  organization={
    Object {
      "canAdmin": true,
      "key": "foo",
      "name": "Foo",
      "projectVisibility": "public",
    }
  }
>
  hello
</div>
`;
