// Jest Snapshot v1, https://goo.gl/fbAQLP

exports[`renders 1`] = `
<ContextNavBar
  height={92}
  id="context-navigation"
  notif={
    <ComponentNavBgTaskNotif
      component={
        Object {
          "breadcrumbs": Array [
            Object {
              "key": "component",
              "name": "component",
              "qualifier": "TRK",
            },
          ],
          "key": "component",
          "name": "component",
          "organization": "org",
          "qualifier": "TRK",
        }
      }
      currentTask={undefined}
      isInProgress={true}
      isPending={true}
    />
  }
>
  <ComponentNavBreadcrumbs
    breadcrumbs={
      Array [
        Object {
          "key": "component",
          "name": "component",
          "qualifier": "TRK",
        },
      ]
    }
    component={
      Object {
        "breadcrumbs": Array [
          Object {
            "key": "component",
            "name": "component",
            "qualifier": "TRK",
          },
        ],
        "key": "component",
        "name": "component",
        "organization": "org",
        "qualifier": "TRK",
      }
    }
  />
  <ComponentNavFavorite
    component="component"
  />
  <ComponentNavMeta
    component={
      Object {
        "breadcrumbs": Array [
          Object {
            "key": "component",
            "name": "component",
            "qualifier": "TRK",
          },
        ],
        "key": "component",
        "name": "component",
        "organization": "org",
        "qualifier": "TRK",
      }
    }
  />
  <ComponentNavMenu
    component={
      Object {
        "breadcrumbs": Array [
          Object {
            "key": "component",
            "name": "component",
            "qualifier": "TRK",
          },
        ],
        "key": "component",
        "name": "component",
        "organization": "org",
        "qualifier": "TRK",
      }
    }
    location={Object {}}
  />
</ContextNavBar>
`;
