// Jest Snapshot v1, https://goo.gl/fbAQLP

exports[`should display the leak measures and quality gate 1`] = `
<div
  className="boxed-group project-card"
  data-key="foo"
>
  <div
    className="boxed-group-header clearfix"
  >
    <h2
      className="project-card-name"
    >
      <Connect(ProjectCardOrganization)
        organization={
          Object {
            "key": "org",
            "name": "org",
          }
        }
      />
      <Link
        onlyActiveOnIndex={false}
        style={Object {}}
        to={
          Object {
            "pathname": "/dashboard",
            "query": Object {
              "id": "foo",
            },
          }
        }
      >
        Foo
      </Link>
    </h2>
    <ProjectCardQualityGate
      status="OK"
    />
    <div
      className="pull-right text-right"
    />
    <div
      className="project-card-dates note text-right pull-right"
    >
      <DateFromNow
        date="2016-12-01"
      />
      <DateTimeFormatter
        date="2017-01-01"
      />
    </div>
  </div>
  <div
    className="boxed-group-inner"
  >
    <ProjectCardLeakMeasures
      measures={
        Object {
          "alert_status": "OK",
          "new_bugs": "12",
          "reliability_rating": "1.0",
          "sqale_rating": "1.0",
        }
      }
    />
  </div>
</div>
`;
