// Jest Snapshot v1, https://goo.gl/fbAQLP

exports[`should work with extensions 1`] = `
<ContextNavBar
  height={72}
  id="context-navigation"
>
  <h1
    className="navbar-context-header"
  >
    layout.settings
  </h1>
  <NavBarTabs>
    <li
      className="dropdown"
    >
      <a
        className="dropdown-toggle active"
        data-toggle="dropdown"
        href="#"
        id="settings-navigation-configuration"
      >
        sidebar.project_settings
         
        <i
          className="icon-dropdown"
        />
      </a>
      <ul
        className="dropdown-menu"
      >
        <li>
          <IndexLink
            activeClassName="active"
            to="/admin/settings"
          >
            settings.page
          </IndexLink>
        </li>
        <li>
          <IndexLink
            activeClassName="active"
            to="/admin/settings/encryption"
          >
            property.category.security.encryption
          </IndexLink>
        </li>
        <li>
          <IndexLink
            activeClassName="active"
            to="/admin/custom_metrics"
          >
            custom_metrics.page
          </IndexLink>
        </li>
        <li
          key="foo"
        >
          <Link
            activeClassName="active"
            onlyActiveOnIndex={false}
            style={Object {}}
            to="/admin/extension/foo"
          >
            Foo
          </Link>
        </li>
      </ul>
    </li>
    <li
      className="dropdown"
    >
      <a
        className="dropdown-toggle"
        data-toggle="dropdown"
        href="#"
      >
        sidebar.security
         
        <i
          className="icon-dropdown"
        />
      </a>
      <ul
        className="dropdown-menu"
      >
        <li>
          <IndexLink
            activeClassName="active"
            to="/admin/users"
          >
            users.page
          </IndexLink>
        </li>
        <li>
          <IndexLink
            activeClassName="active"
            to="/admin/groups"
          >
            user_groups.page
          </IndexLink>
        </li>
        <li>
          <IndexLink
            activeClassName="active"
            to="/admin/permissions"
          >
            global_permissions.page
          </IndexLink>
        </li>
        <li>
          <IndexLink
            activeClassName="active"
            to="/admin/permission_templates"
          >
            permission_templates
          </IndexLink>
        </li>
      </ul>
    </li>
    <li
      className="dropdown"
    >
      <a
        className="dropdown-toggle"
        data-toggle="dropdown"
        href="#"
      >
        sidebar.projects
         
        <i
          className="icon-dropdown"
        />
      </a>
      <ul
        className="dropdown-menu"
      >
        <li>
          <IndexLink
            activeClassName="active"
            to="/admin/projects_management"
          >
            management
          </IndexLink>
        </li>
        <li>
          <IndexLink
            activeClassName="active"
            to="/admin/background_tasks"
          >
            background_tasks.page
          </IndexLink>
        </li>
      </ul>
    </li>
    <li>
      <IndexLink
        activeClassName="active"
        to="/admin/system"
      >
        sidebar.system
      </IndexLink>
    </li>
    <li>
      <IndexLink
        activeClassName="active"
        to="/admin/marketplace"
      >
        marketplace.page
      </IndexLink>
    </li>
  </NavBarTabs>
</ContextNavBar>
`;
